2022-01-07T11:20:21.566+0800	INFO	middleware/logger.go:25	100.383µs|200
